  File "main.py", line 63
    ngram test_stats = True
                   ^
SyntaxError: invalid syntax
