Traceback (most recent call last):
  File "main.py", line 17, in <module>
    torch.manual_seed()
TypeError: manual_seed() missing 1 required positional argument: 'seed'
Minibatch |   p-loss   |    loss    | err rate | steps/s |
     100  |      -0.01 |      -1.23 |   86.98% |   11.52 |
     200  |      -0.01 |      -1.17 |   83.59% |   11.77 |
     300  |      -0.01 |      -1.12 |   84.90% |   11.79 |
     400  |      -0.01 |      -1.08 |   84.11% |   11.75 |
     500  |      -0.01 |      -1.05 |   86.72% |   12.93 |
     600  |      -0.01 |      -1.01 |   87.50% |   12.97 |
     700  |      -0.01 |      -0.98 |   86.98% |   12.83 |
     800  |      -0.01 |      -0.96 |   89.84% |   12.91 |
     900  |      -0.01 |      -0.93 |   90.89% |   12.89 |
    1000  |      -0.01 |      -0.90 |   94.27% |   12.34 |
    1100  |      -0.01 |      -0.88 |   94.79% |   12.99 |
    1200  |      -0.01 |      -0.86 |   96.09% |   12.83 |
    1300  |      -0.01 |      -0.83 |   96.35% |   12.97 |
    1400  |      -0.01 |      -0.81 |   98.44% |   12.98 |
    1500  |      -0.01 |      -0.79 |   96.88% |   12.97 |
---------------------------------------------------------+
Epoch   5 | Test errors for:  0: 98.37,  1: 94.54,  2: 85.08,  3: 94.95,  4: 94.30
---------------------------------------------------------+
Minibatch |   p-loss   |    loss    | err rate | steps/s |
    1600  |      -0.01 |      -0.77 |   96.88% |   12.99 |
    1700  |      -0.01 |      -0.75 |   96.61% |   12.97 |
    1800  |      -0.01 |      -0.73 |   98.44% |   12.90 |
    1900  |      -0.01 |      -0.71 |   95.57% |   12.96 |
    2000  |      -0.01 |      -0.70 |   98.70% |   11.83 |
    2100  |      -0.01 |      -0.68 |   98.18% |   12.33 |
    2200  |      -0.01 |      -0.66 |   98.96% |   12.80 |
    2300  |      -0.01 |      -0.64 |   99.22% |   12.82 |
    2400  |      -0.01 |      -0.63 |   98.18% |   12.36 |
    2500  |      -0.01 |      -0.61 |   98.18% |   11.47 |
    2600  |      -0.01 |      -0.59 |   97.40% |   11.47 |
    2700  |      -0.01 |      -0.58 |   97.92% |   11.47 |
    2800  |      -0.01 |      -0.56 |   98.70% |   11.47 |
    2900  |      -0.01 |      -0.55 |   98.70% |   11.46 |
    3000  |      -0.01 |      -0.54 |   99.22% |   11.44 |
    3100  |      -0.01 |      -0.52 |   98.70% |   11.45 |
---------------------------------------------------------+
Epoch  10 | Test errors for:  0: 99.69,  1: 98.41,  2: 86.92,  3: 95.54,  4: 97.45
---------------------------------------------------------+
Minibatch |   p-loss   |    loss    | err rate | steps/s |
    3200  |      -0.01 |      -0.51 |   99.74% |   12.87 |
    3300  |      -0.01 |      -0.49 |   98.18% |   12.74 |
    3400  |      -0.01 |      -0.48 |   99.22% |   12.86 |
    3500  |      -0.01 |      -0.46 |   99.22% |   11.69 |
    3600  |      -0.01 |      -0.45 |   98.70% |   11.68 |
    3700  |      -0.01 |      -0.44 |   98.96% |   11.70 |
    3800  |      -0.01 |      -0.42 |   99.22% |   11.69 |
    3900  |      -0.02 |      -0.41 |   98.96% |   11.70 |
    4000  |      -0.01 |      -0.40 |   99.48% |   11.91 |
    4100  |      -0.01 |      -0.38 |   98.96% |   12.84 |
    4200  |      -0.01 |      -0.37 |   98.96% |   12.63 |
    4300  |      -0.02 |      -0.36 |   99.48% |   12.87 |
    4400  |      -0.01 |      -0.35 |   98.96% |   12.84 |
    4500  |      -0.02 |      -0.34 |   99.48% |   12.85 |
    4600  |      -0.01 |      -0.32 |   99.22% |   12.80 |
---------------------------------------------------------+
Epoch  15 | Test errors for:  0: 99.80,  1: 98.85,  2: 88.76,  3: 95.94,  4: 97.56
---------------------------------------------------------+
Minibatch |   p-loss   |    loss    | err rate | steps/s |
    4700  |      -0.02 |      -0.31 |   99.22% |   11.20 |
    4800  |      -0.01 |      -0.30 |   98.44% |   11.37 |
    4900  |      -0.02 |      -0.29 |   99.22% |   11.37 |
    5000  |      -0.02 |      -0.28 |   98.44% |   11.38 |
    5100  |      -0.02 |      -0.27 |   98.96% |   11.38 |
    5200  |      -0.02 |      -0.26 |  100.00% |   11.38 |
    5300  |      -0