(4, 1, 0, 7, 9, 7, 7) 0.6560229721605773
(6, 3, 5, 2, 8, 3, 5) 0.3439770278394227
Minibatch |   p-loss   |    loss    | err rate | steps/s |
     100  |      -0.00 |       0.65 |   85.04% |    1.41 |
     200  |      -0.00 |       0.65 |   84.71% |    1.70 |
     300  |      -0.00 |       0.66 |   83.37% |    1.49 |
     400  |      -0.00 |       0.67 |   85.60% |    1.43 |
     500  |      -0.00 |       0.67 |   86.16% |    1.61 |
     600  |      -0.00 |       0.68 |   83.15% |    1.54 |
     700  |      -0.00 |       0.68 |   85.83% |    1.41 |
---------------------------------------------------------+
Epoch   5 | Test errors for:  0: 95.10,  1: 86.43,  2: 78.78,  3: 85.54,  4: 97.25,  5: 89.57,  6: 87.47,  7: 79.67,  8: 96.41,  9: 95.34
---------------------------------------------------------+
Minibatch |   p-loss   |    loss    | err rate | steps/s |
     800  |      -0.00 |       0.69 |   84.38% |    1.89 |
     900  |      -0.00 |       0.69 |   85.94% |    1.39 |
    1000  |      -0.00 |       0.70 |   85.60% |    1.44 |
    1100  |      -0.00 |       0.70 |   84.26% |    1.67 |
    1200  |      -0.00 |       0.71 |   85.49% |    1.45 |
    1300  |      -0.00 |       0.71 |   85.16% |    1.42 |
    1400  |      -0.00 |       0.72 |   84.60% |    1.50 |
    1500  |      -0.00 |       0.72 |   86.38% |    1.46 |
---------------------------------------------------------+
Epoch  10 | Test errors for:  0: 95.10,  1: 86.43,  2: 78.78,  3: 85.54,  4: 97.25,  5: 89.57,  6: 87.47,  7: 79.67,  8: 96.41,  9: 95.34
---------------------------------------------------------+
Minibatch |   p-loss   |    loss    | err rate | steps/s |
    1600  |      -0.00 |       0.73 |   83.59% |    1.43 |
    1700  |      -0.00 |       0.73 |   84.26% |    1.59 |
    1800  |      -0.00 |       0.74 |   84.71% |    1.40 |
    1900  |      -0.00 |       0.74 |   86.05% |    1.44 |
    2000  |      -0.00 |       0.75 |   85.83% |    1.63 |
    2100  |      -0.00 |       0.75 |   84.38% |    1.40 |
    2200  |      -0.00 |       0.75 |   84.49% |    1.52 |
    2300  |      -0.00 |       0.76 |   84.15% |    1.60 |
---------------------------------------------------------+
Epoch  15 | Test errors for:  0: 95.10,  1: 86.43,  2: 78.78,  3: 85.54,  4: 97.25,  5: 89.57,  6: 87.47,  7: 79.67,  8: 96.41,  9: 95.34
---------------------------------------------------------+
Minibatch |   p-loss   |    loss    | err rate | steps/s |
    2400  |      -0.00 |       0.76 |   87.39% |    1.47 |
    2500  |      -0.00 |       0.77 |   84.82% |    1.43 |
    2600  |      -0.00 |       0.77 |   84.60% |    1.58 |
    2700  |      -0.00 |       0.78 |   85.27% |    1.39 |
    2800  |      -0.00 |       0.78 |   85.60% |    1.41 |
    2900  |      -0.00 |       0.79 |   86.50% |    1.68 |
    3000  |      -0.00 |       0.79 |   83.26% |    1.40 |
    3100  |      -0.00 |       0.80 |   82.25% |    1.42 |
---------------------------------------------------------+
Epoch  20 | Test errors for:  0: 95.10,  1: 86.43,  2: 78.78,  3: 85.54,  4: 97.25,  5: 89.57,  6: 87.47,  7: 79.67,  8: 96.41,  9: 95.34
---------------------------------------------------------+
Minibatch |   p-loss   |    loss    | err rate | steps/s |
    3200  |      -0.00 |       0.80 |   85.83% |    1.42 |
    3300  |      -0.00 |       0.80 |   84.82% |    1.36 |
    3400  |      -0.00 |       0.81 |   84.82% |    1.42 |
    3500  |      -0.00 |       0.81 |   83.37% |    1.52 |
    3600  |      -0.00 |       0.82 |   84.93% |    1.58 |
    3700  |      -0.00 |       0.82 |   85.04% |    1.39 |
    3800  |      -0.00 |       0.83 |   84.49% |    1.41 |
    3900  |      -0.00 |       0.83 |   88.17% |    1.44 |
---------------------------------------------------------+
Epoch  25 | Test errors for:  0: 95.10,  1: 86.43,  2: 78.78,  3: 85.54,  4: 97.25,  5: 89.57,  6: 87.47,  7: 79.67,  8: 96.41,  9: 95.34
---------------------------------------------------------+
Minibatch |   p-loss   |    loss    | err rate | steps/s |
    4000  |      -0.00 |       0.84 |   85.16% |    1.42 |
    4100  |      -0.00 |       0.84 |   85.38% |    1.41 |
    4200  |      -0.00 |       0.84 |   87.61% |    1.44 |
    4300  |      -0.00 |       0.85 |   84.71% |    1.41 |
    4400  |      -0.00 |       0.85 |   84.60% |    1.53 |
    4500  |      -0.00 |       0.86 |   86.50% |    1.42 |
    4600  |      -0.00 |       0.86 |   84.26% |    1.41 |
    4700  |      -0.00 |       0.86 |   85.16% |    1.44 |
---------------------------------------------------------+
Epoch  30 | Test errors for:  0: 95.10,  1: 86.43,  2: 78.78,  3: 85.54,  4: 97.25,  5: 89.57,  6: 87.47,  7: 79.67,  8: 96.41,  9: 95.34
---------------------------------------------------------+
Minibatch |   p-loss   |    loss    | err rate | steps/s |
    4800  |      -0.00 |       0.87 |   86.94% |    1.42 |
    4900  |      -0.00 |       0.87 |   85.38% |    1.45 |
    5000  |      -0.00 |       0.88 |   85.16% |    1.44 |
    5100  |      -0.00 |       0.88 |   85.83% |    1.45 |
    5200  |      -0.00 |       0.89 |   86.05% |    1.42 |
    5300  |      -0.00 |       0.89 |   84.93% |    1.45 |
    5400  |      -0.00 |       0.89 |   84.15% |    1.64 |
---------------------------------------------------------+
Epoch  35 | Test errors for:  0: 95.10,  1: 86.43,  2: 78.78,  3: 85.54,  4: 97.25,  5: 89.57,  6: 87.47,  7: 79.67,  8: 96.41,  9: 95.34
---------------------------------------------------------+
Minibatch |   p-loss   |    loss    | err rate | steps/s |
    5500  |      -0.00 |       0.90 |   83.59% |    1.39 |
    5600  |      -0.00 |       0.90 |   83.93% |    1.42 |
    5700  |      -0.00 |       0.91 |   85.38% |    1.44 |
    5800  |      -0.00 |       0.91 |   85.16% |    1.41 |
    5900  |      -0.00 |       0.91 |   86.61% |    1.45 |
    6000  |      -0.00 |       0.92 |   84.60% |    1.46 |
    6100  |      -0.00 |       0.92 |   84.71% |    1.64 |
    6200  |      -0.00 |       0.93 |   86.27% |    1.41 |
---------------------------------------------------------+
Epoch  40 | Test errors for:  0: 95.10,  1: 86.43,  2: 78.78,  3: 85.54,  4: 97.25,  5: 89.57,  6: 87.47,  7: 79.67,  8: 96.41,  9: 95.34
---------------------------------------------------------+
Minibatch |   p-loss   |    loss    | err rate | steps/s |
    6300  |      -0.00 |       0.93 |   83.37% |    1.44 |
    6400  |      -0.00 |       0.93 |   84.38% |    1.43 |
    6500  |      -0.00 |       0.94 |   85.71% |    1.43 |
    6600  |      -0.00 |       0.94 |   85.16% |    1.50 |
    6700  |      -0.00 |       0.94 |   85.94% |    1.42 |
    6800  |      -0.00 |       0.95 |   84.26% |    1.64 |
    6900  |      -0.00 |       0.95 |   87.05% |    1.44 |
    7000  |      -0.00 |       0.96 |   84.60% |    1.44 |
---------------------------------------------------------+
Epoch  45 | Test errors for:  0: 95.10,  1: 86.43,  2: 78.78,  3: 85.54,  4: 97.25,  5: 89.57,  6: 87.47,  7: 79.67,  8: 96.41,  9: 95.34
---------------------------------------------------------+
Minibatch |   p-loss   |    loss    | err rate | steps/s |
    7100  |      -0.00 |       0.96 |   86.61% |    1.43 |
    7200  |      -0.00 |       0.96 |   85.27% |    1.44 |
    7300  |      -0.00 |       0.97 |   86.16% |    1.45 |
    7400  |      -0.00 |       0.97 |   84.26% |    1.43 |
    7500  |      -0.00 |       0.97 |   85.49% |    1.63 |
    7600  |      -0.00 |       0.98 |   86.72% |    1.41 |
    7700  |      -0.00 |       0.98 |   86.27% |    1.44 |
    7800  |      -0.00 |       0.99 |   87.17% |    1.42 |
---------------------------------------------------------+
Epoch  50 | Test errors for:  0: 95.10,  1: 86.43,  2: 78.78,  3: 85.54,  4: 97.25,  5: 89.57,  6: 87.47,  7: 79.67,  8: 96.41,  9: 95.34
---------------------------------------------------------+
Minibatch |   p-loss   |    loss    | err rate | steps/s |
    7900  |      -0.00 |       0.99 |   86.05% |    1.44 |
    8000  |      -0.00 |       0.99 |   85.16% |    1.44 |
    8100  |      -0.00 |       1.00 |   85.71% |    1.42 |
    8200  |      -0.00 |       1.00 |   88.62% |    1.47 |
    8300  |      -0.00 |       1.00 |   83.15% |    1.46 |
    8400  |      -0.00 |       1.01 |   85.83% |    1.44 |
    8500  |      -0.00 |       1.01 |   85.83% |    1.47 |
    8600  |      -0.00 |       1.01 |   86.16% |    1.44 |
---------------------------------------------------------+
Epoch  55 | Test errors for:  0: 95.10,  1: 86.43,  2: 78.78,  3: 85.54,  4: 97.25,  5: 89.57,  6: 87.47,  7: 79.67,  8: 96.41,  9: 95.34
---------------------------------------------------------+
Minibatch |   p-loss   |    loss    | err rate | steps/s |
    8700  |      -0.00 |       1.02 |   84.71% |    1.43 |
    8800  |      -0.00 |       1.02 |   84.38% |    1.44 |
    8900  |      -0.00 |       1.03 |   84.60% |    1.67 |
    9000  |      -0.00 |       1.03 |   84.60% |    1.42 |
    9100  |      -0.00 |       1.03 |   85.27% |    1.47 |
    9200  |      -0.00 |       1.04 |   84.82% |    1.43 |
    9300  |      -0.00 |       1.04 |   85.71% |    1.43 |
    9400  |      -0.00 |       1.04 |   85.49% |    1.43 |
---------------------------------------------------------+
Epoch  60 | Test errors for:  0: 95.10,  1: 86.43,  2: 78.78,  3: 85.54,  4: 97.25,  5: 89.57,  6: 87.47,  7: 79.67,  8: 96.41,  9: 95.34
---------------------------------------------------------+
Minibatch |   p-loss   |    loss    | err rate | steps/s |
    9500  |      -0.00 |       1.05 |   85.49% |    1.46 |
    9600  |      -0.00 |       1.05 |   83.93% |    1.46 |
    9700  |      -0.00 |       1.05 |   86.38% |    1.46 |
    9800  |      -0.00 |       1.06 |   86.05% |    1.46 |
    9900  |      -0.00 |       1.06 |   85.49% |    1.42 |
   10000  |      -0.00 |       1.06 |   85.16% |    1.44 |
   10100  |      -0.00 |       1.07 |   85.49% |    1.44 |
   10200  |      -0.00 |       1.07 |   82.70% |    1.44 |
---------------------------------------------------------+
Epoch  65 | Test errors for:  0: 95.10,  1: 86.43,  2: 78.78,  3: 85.54,  4: 97.25,  5: 89.57,  6: 87.47,  7: 79.67,  8: 96.41,  9: 95.34
---------------------------------------------------------+
Minibatch |   p-loss   |    loss    | err rate | steps/s |
   10300  |      -0.00 |       1.07 |   84.49% |    1.50 |
   10400  |      -0.00 |       1.08 |   86.50% |    1.50 |
   10500  |      -0.00 |       1.08 |   85.71% |    1.43 |
   10600  |      -0.00 |       1.08 |   87.05% |    1.44 |
   10700  |      -0.00 |       1.09 |   84.71% |    1.42 |
   10800  |      -0.00 |       1.09 |   84.15% |    1.43 |
   10900  |      -0.00 |       1.09 |   84.49% |    1.44 |
---------------------------------------------------------+
Epoch  70 | Test errors for:  0: 95.10,  1: 86.43,  2: 78.78,  3: 85.54,  4: 97.25,  5: 89.57,  6: 87.47,  7: 79.67,  8: 96.41,  9: 95.34
---------------------------------------------------------+
Minibatch |   p-loss   |    loss    | err rate | steps/s |
   11000  |      -0.00 |       1.10 |   85.60% |    1.52 |
   11100  |      -0.00 |       1.10 |   84.04% |    1.42 |
   11200  |      -0.00 |       1.10 |   85.60% |    1.44 |
   11300  |      -0.00 |       1.11 |   84.93% |    1.44 |
   11400  |      -0.00 |       1.11 |   84.38% |    1.44 |
   11500  |      -0.00 |       1.11 |   87.50% |    1.41 |
   11600  |      -0.00 |       1.12 |   85.27% |    1.56 |
   11700  |      -0.00 |       1.12 |   85.94% |    1.47 |
---------------------------------------------------------+
Epoch  75 | Test errors for:  0: 95.10,  1: 86.43,  2: 78.78,  3: 85.54,  4: 97.25,  5: 89.57,  6: 87.47,  7: 79.67,  8: 96.41,  9: 95.34
---------------------------------------------------------+
Minibatch |   p-loss   |    loss    | err rate | steps/s |
   11800  |      -0.00 |       1.12 |   83.48% |    1.45 |
   11900  |      -0.00 |       1.13 |   82.81% |    1.43 |
   12000  |      -0.00 |       1.13 |   84.49% |    1.47 |
   12100  |      -0.00 |       1.13 |   84.38% |    1.42 |
   12200  |      -0.00 |       1.14 |   84.49% |    1.45 |
   12300  |      -0.00 |       1.14 |   86.05% |    1.69 |
   12400  |      -0.00 |       1.14 |   84.71% |    1.43 |
   12500  |      -0.00 |       1.14 |   85.16% |    1.44 |
---------------------------------------------------------+
Epoch  80 | Test errors for:  0: 95.10,  1: 86.43,  2: 78.78,  3: 85.54,  4: 97.25,  5: 89.57,  6: 87.47,  7: 79.67,  8: 96.41,  9: 95.34
---------------------------------------------------------+
Minibatch |   p-loss   |    loss    | err rate | steps/s |
   12600  |      -0.00 |       1.15 |   85.94% |    1.41 |
   12700  |      -0.00 |       1.15 |   86.38% |    1.43 |
   12800  |      -0.00 |       1.15 |   83.48% |    1.45 |
   12900  |      -0.00 |       1.16 |   88.28% |    1.66 |
   13000  |      -0.00 |       1.16 |   83.48% |    1.55 |
   13100  |      -0.00 |       1.16 |   84.15% |    1.46 |
   13200  |      -0.00 |       1.17 |   83.71% |    1.42 |
   13300  |      -0.00 |       1.17 |   84.60% |    1.44 |
---------------------------------------------------------+
Epoch  85 | Test errors for:  0: 95.10,  1: 86.43,  2: 78.78,  3: 85.54,  4: 97.25,  5: 89.57,  6: 87.47,  7: 79.67,  8: 96.41,  9: 95.34
---------------------------------------------------------+
Minibatch |   p-loss   |    loss    | err rate | steps/s |
   13400  |      -0.00 |       1.17 |   83.93% |    1.43 |
   13500  |      -0.00 |       1.18 |   85.49% |    1.44 |
   13600  |      -0.00 |       1.18 |   85.27% |    1.67 |
   13700  |      -0.00 |       1.18 |   87.72% |    1.48 |
   13800  |      -0.00 |       1.18 |   84.49% |    1.43 |
   13900  |      -0.00 |       1.19 |   84.93% |    1.42 |
   14000  |      -0.00 |       1.19 |   84.93% |    1.46 |
   14100  |      -0.00 |       1.19 |   85.16% |    1.45 |
---------------------------------------------------------+
Epoch  90 | Test errors for:  0: 95.10,  1: 86.43,  2: 78.78,  3: 85.54,  4: 97.25,  5: 89.57,  6: 87.47,  7: 79.67,  8: 96.41,  9: 95.34
---------------------------------------------------------+
Minibatch |   p-loss   |    loss    | err rate | steps/s |
   14200  |      -0.00 |       1.20 |   84.82% |    1.49 |
   14300  |      -0.00 |       1.20 |   84.93% |    1.51 |
   14400  |      -0.00 |       1.20 |   83.82% |    1.43 |
   14500  |      -0.00 |       1.21 |   87.05% |    1.43 |
   14600  |      -0.00 |       1.21 |   85.27% |    1.41 |
   14700  |      -0.00 |       1.21 |   84.71% |    1.43 |
   14800  |      -0.00 |       1.21 |   84.71% |    1.44 |
   14900  |      -0.00 |       1.22 |   86.50% |    1.47 |
---------------------------------------------------------+
Epoch  95 | Test errors for:  0: 95.10,  1: 86.43,  2: 78.78,  3: 85.54,  4: 97.25,  5: 89.57,  6: 87.47,  7: 79.67,  8: 96.41,  9: 95.34
---------------------------------------------------------+
Minibatch |   p-loss   |    loss    | err rate | steps/s |
   15000  |      -0.00 |       1.22 |   85.49% |    1.42 |
   15100  |      -0.00 |       1.22 |   85.60% |    1.40 |
   15200  |      -0.00 |       1.23 |   85.04% |    1.43 |
   15300  |      -0.00 |       1.23 |   85.16% |    1.43 |
   15400  |      -0.00 |       1.23 |   87.17% |    1.51 |
   15500  |      -0.00 |       1.23 |   84.15% |    1.43 |
   15600  |      -0.00 |       1.24 |   84.38% |    1.72 |
   15700  |      -0.00 |       1.24 |   84.38% |    1.45 |
---------------------------------------------------------+
Epoch 100 | Test errors for:  0: 95.10,  1: 86.43,  2: 78.78,  3: 85.54,  4: 97.25,  5: 89.57,  6: 87.47,  7: 79.67,  8: 96.41,  9: 95.34
---------------------------------------------------------+
Minibatch |   p-loss   |    loss    | err rate | steps/s |
     100  |      -0.00 |       1.24 |   86.05% |    1.46 |
     200  |      -0.00 |       1.25 |   85.49% |    1.43 |
     300  |      -0.00 |       1.25 |   84.93% |    1.44 |
     400  |      -0.00 |       1.25 |   86.61% |    1.44 |
     500  |      -0.00 |       1.25 |   85.60% |    1.81 |
     600  |      -0.00 |       1.26 |   86.16% |    1.52 |
     700  |      -0.00 |       1.26 |   85.27% |    1.43 |
---------------------------------------------------------+
Epoch   5 | Test errors for:  0: 95.10,  1: 86.43,  2: 78.78,  3: 85.54,  4: 97.25,  5: 89.57,  6: 87.47,  7: 79.67,  8: 96.41,  9: 95.34
---------------------------------------------------------+
Minibatch |   p-loss   |    loss    | err rate | steps/s |
     800  |      -0.00 |       1.26 |   86.16% |    1.49 |
     900  |      -0.00 |       1.27 |   85.38% |    1.45 |
    1000  |      -0.00 |       1.27 |   84.15% |    1.43 |
    1100  |      -0.00 |       1.27 |   85.60% |    1.52 |
    1200  |      -0.00 |       1.27 |   85.04% |    1.61 |
    1300  |      -0.00 |       1.28 |   85.27% |    1.46 |
    1400  |      -0.00 |       1.28 |   85.16% |    1.42 |
    1500  |      -0.00 |       1.28 |   85.38% |    1.44 |
---------------------------------------------------------+
Epoch  10 | Test errors for:  0: 95.10,  1: 86.43,  2: 78.78,  3: 85.54,  4: 97.25,  5: 89.57,  6: 87.47,  7: 79.67,  8: 96.41,  9: 95.34
---------------------------------------------------------+
Minibatch |   p-loss   |    loss    | err rate | steps/s |
    1600  |      -0.00 |       1.29 |   85.16% |    1.47 |
    1700  |      -0.00 |       1.29 |   84.49% |    1.45 |
    1800  |      -0.00 |       1.29 |   86.61% |    1.69 |
    1900  |      -0.00 |       1.29 |   87.17% |    1.41 |
    2000  |      -0.00 |       1.30 |   86.05% |    1.45 |
    2100  |      -0.00 |       1.30 |   85.38% |    1.44 |
    2200  |      -0.00 |       1.30 |   85.83% |    1.45 |
    2300  |      -0.00 |       1.30 |   85.60% |    1.43 |
---------------------------------------------------------+
Epoch  15 | Test errors for:  0: 95.10,  1: 86.43,  2: 78.78,  3: 85.54,  4: 97.25,  5: 89.57,  6: 87.47,  7: 79.67,  8: 96.41,  9: 95.34
---------------------------------------------------------+
Minibatch |   p-loss   |    loss    | err rate | steps/s |
    2400  |      -0.00 |       1.31 |   84.26% |    1.73 |
    2500  |      -0.00 |       1.31 |   84.38% |    1.40 |
    2600  |      -0.00 |       1.31 |   85.94% |    1.44 |
    2700  |      -0.00 |       1.31 |   84.93% |    1.45 |
    2800  |      -0.00 |       1.32 |   82.70% |    1.45 |
    2900  |      -0.00 |       1.32 |   84.15% |    1.46 |
    3000  |      -0.00 |       1.32 |   85.71% |    1.42 |
    3100  |      -0.00 |       1.33 |   84.15% |    1.67 |
---------------------------------------------------------+
Epoch  20 | Test errors for:  0: 95.10,  1: 86.43,  2: 78.78,  3: 85.54,  4: 97.25,  5: 89.57,  6: 87.47,  7: 79.67,  8: 96.41,  9: 95.34
---------------------------------------------------------+
Minibatch |   p-loss   |    loss    | err rate | steps/s |
    3200  |      -0.00 |       1.33 |   83.48% |    1.42 |
    3300  |      -0.00 |       1.33 |   84.15% |    1.54 |
    3400  |      -0.00 |       1.33 |   83.59% |    1.44 |
    3500  |      -0.00 |       1.34 |   82.92% |    1.45 |
    3600  |      -0.00 |       1.34 |   84.82% |    1.46 |
    3700  |      -0.00 |       1.34 |   83.82% |    1.70 |
    3800  |      -0.00 |       1.34 |   84.71% |    1.44 |
    3900  |      -0.00 |       1.35 |   85.16% |    1.44 |
---------------------------------------------------------+
Epoch  25 | Test errors for:  0: 95.10,  1: 86.43,  2: 78.78,  3: 85.54,  4: 97.25,  5: 89.57,  6: 87.47,  7: 79.67,  8: 96.41,  9: 95.34
---------------------------------------------------------+
Minibatch |   p-loss   |    loss    | err rate | steps/s |
    4000  |      -0.00 |       1.35 |   85.27% |    1.44 |
    4100  |      -0.00 |       1.35 |   86.83% |    1.47 |
    4200  |      -0.00 |       1.35 |   83.71% |    1.43 |
    4300  |      -0.00 |       1.36 |   83.93% |    1.67 |
    4400  |      -0.00 |       1.36 |   86.72% |    1.38 |
    4500  |      -0.00 |       1.36 |   86.61% |    1.45 |
    4600  |      -0.00 |       1.36 |   85.94% |    1.45 |
    4700  |      -0.00 |       1.37 |   85.71% |    1.46 |
---------------------------------------------------------+
Epoch  30 | Test errors for:  0: 95.10,  1: 86.43,  2: 78.78,  3: 85.54,  4: 97.25,  5: 89.57,  6: 87.47,  7: 79.67,  8: 96.41,  9: 95.34
---------------------------------------------------------+
Minibatch |   p-loss   |    loss    | err rate | steps/s |
    4800  |      -0.00 |       1.37 |   85.04% |    1.42 |
    4900  |      -0.00 |       1.37 |   85.04% |    1.53 |
    5000  |      -0.00 |       1.37 |   84.82% |    1.45 |
    5100  |      -0.00 |       1.38 |   85.16% |    1.45 |
    5200  |      -0.00 |       1.38 |   84.15% |    1.43 |
    5300  |      -0.00 |       1.38 |   83.26% |    1.45 |
    5400  |      -0.00 |       1.38 |   86.38% |    1.46 |
---------------------------------------------------------+
Epoch  35 | Test errors for:  0: 95.10,  1: 86.43,  2: 78.78,  3: 85.54,  4: 97.25,  5: 89.57,  6: 87.47,  7: 79.67,  8: 96.41,  9: 95.34
---------------------------------------------------------+
Minibatch |   p-loss   |    loss    | err rate | steps/s |
    5500  |      -0.00 |       1.39 |   85.71% |    1.50 |
    5600  |      -0.00 |       1.39 |   86.94% |    1.46 |
    5700  |      -0.00 |       1.39 |   85.71% |    1.46 |
    5800  |      -0.00 |       1.39 |   84.82% |    1.44 |
    5900  |      -0.00 |       1.40 |   85.38% |    1.45 |
    6000  |      -0.00 |       1.40 |   85.71% |    1.43 |
    6100  |      -0.00 |       1.40 |   84.15% |    1.58 |
    6200  |      -0.00 |       1.40 |   85.38% |    1.48 |
---------------------------------------------------------+
Epoch  40 | Test errors for:  0: 95.10,  1: 86.43,  2: 78.78,  3: 85.54,  4: 97.25,  5: 89.57,  6: 87.47,  7: 79.67,  8: 96.41,  9: 95.34
---------------------------------------------------------+
Minibatch |   p-loss   |    loss    | err rate | steps/s |
    6300  |      -0.00 |       1.41 |   85.16% |    1.42 |
    6400  |      -0.00 |       1.41 |   85.04% |    1.44 |
    6500  |      -0.00 |       1.41 |   87.17% |    1.43 |
    6600  |      -0.00 |       1.41 |   84.71% |    1.42 |
    6700  |      -0.00 |       1.42 |   85.04% |    1.61 |
    6800  |      -0.00 |       1.42 |   85.94% |    1.42 |
    6900  |      -0.00 |       1.42 |   84.71% |    1.45 |
    7000  |      -0.00 |       1.42 |   86.72% |    1.43 |
---------------------------------------------------------+
Epoch  45 | Test errors for:  0: 95.10,  1: 86.43,  2: 78.78,  3: 85.54,  4: 97.25,  5: 89.57,  6: 87.47,  7: 79.67,  8: 96.41,  9: 95.34
---------------------------------------------------------+
Minibatch |   p-loss   |    loss    | err rate | steps/s |
    7100  |      -0.00 |       1.42 |   85.71% |    1.47 |
    7200  |      -0.00 |       1.43 |   83.48% |    1.45 |
    7300  |      -0.00 |       1.43 |   84.60% |    1.79 |
    7400  |      -0.00 |       1.43 |   86.05% |    1.49 |
    7500  |      -0.00 |       1.43 |   85.04% |    1.45 |
    7600  |      -0.00 |       1.44 |   84.49% |    1.45 |
    7700  |      -0.00 |       1.44 |   85.27% |    1.40 |
    7800  |      -0.00 |       1.44 |   84.60% |    1.45 |
---------------------------------------------------------+
Epoch  50 | Test errors for:  0: 95.10,  1: 86.43,  2: 78.78,  3: 85.54,  4: 97.25,  5: 89.57,  6: 87.47,  7: 79.67,  8: 96.41,  9: 95.34
---------------------------------------------------------+
Minibatch |   p-loss   |    loss    | err rate | steps/s |
    7900  |      -0.00 |       1.44 |   83.26% |    1.59 |
    8000  |      -0.00 |       1.45 |   83.93% |    1.45 |
    8100  |      -0.00 |       1.45 |   85.71% |    1.45 |
    8200  |      -0.00 |       1.45 |   84.82% |    1.46 |
    8300  |      -0.00 |       1.45 |   86.05% |    1.44 |
    8400  |      -0.00 |       1.46 |   85.04% |    1.44 |
    8500  |      -0.00 |       1.46 |   85.38% |    1.80 |
    8600  |      -0.00 |       1.46 |   86.38% |    1.46 |
---------------------------------------------------------+
Epoch  55 | Test errors for:  0: 95.10,  1: 86.43,  2: 78.78,  3: 85.54,  4: 97.25,  5: 89.57,  6: 87.47,  7: 79.67,  8: 96.41,  9: 95.34
---------------------------------------------------------+
Minibatch |   p-loss   |    loss    | err rate | steps/s |
    8700  |      -0.00 |       1.46 |   85.94% |    1.47 |
    8800  |      -0.00 |       1.46 |   83.82% |    1.51 |
    8900  |      -0.00 |       1.47 |   84.38% |    1.44 |
    9000  |      -0.00 |       1.47 |   85.83% |    1.44 |
    9100  |      -0.00 |       1.47 |   85.04% |    1.64 |
    9200  |      -0.00 |       1.47 |   85.16% |    1.45 |
    9300  |      -0.00 |       1.48 |   85.04% |    1.43 |
    9400  |      -0.00 |       1.48 |   85.49% |    1.43 |
---------------------------------------------------------+
Epoch  60 | Test errors for:  0: 95.10,  1: 86.43,  2: 78.78,  3: 85.54,  4: 97.25,  5: 89.57,  6: 87.47,  7: 79.67,  8: 96.41,  9: 95.34
---------------------------------------------------------+
Minibatch |   p-loss   |    loss    | err rate | steps/s |
    9500  |      -0.00 |       1.48 |   85.83% |    1.48 |
    9600  |      -0.00 |       1.48 |   85.71% |    1.75 |
    9700  |      -0.00 |       1.48 |   84.26% |    1.56 |
    9800  |      -0.00 |       1.49 |   84.60% |    1.43 |
    9900  |      -0.00 |       1.49 |   85.38% |    1.42 |
   10000  |      -0.00 |       1.49 |   85.71% |    1.45 |
   10100  |      -0.00 |       1.49 |   87.05% |    1.45 |
   10200  |      -0.00 |       1.50 |   84.71% |    1.43 |
---------------------------------------------------------+
Epoch  65 | Test errors for:  0: 95.10,  1: 86.43,  2: 78.78,  3: 85.54,  4: 97.25,  5: 89.57,  6: 87.47,  7: 79.67,  8: 96.41,  9: 95.34
---------------------------------------------------------+
Minibatch |   p-loss   |    loss    | err rate | steps/s |
   10300  |      -0.00 |       1.50 |   86.61% |    1.49 |
   10400  |      -0.00 |       1.50 |   84.82% |    1.46 |
   10500  |      -0.00 |       1.50 |   84.49% |    1.45 |
   10600  |      -0.00 |       1.50 |   84.04% |    1.43 |
   10700  |      -0.00 |       1.51 |   83.59% |    1.46 |
   10800  |      -0.00 |       1.51 |   85.38% |    1.49 |
   10900  |      -0.00 |       1.51 |   85.94% |    1.51 |
---------------------------------------------------------+
Epoch  70 | Test errors for:  0: 95.10,  1: 86.43,  2: 78.78,  3: 85.54,  4: 97.25,  5: 89.57,  6: 87.47,  7: 79.67,  8: 96.41,  9: 95.34
---------------------------------------------------------+
Minibatch |   p-loss   |    loss    | err rate | steps/s |
   11000  |      -0.00 |       1.51 |   85.71% |    1.43 |
   11100  |      -0.00 |       1.52 |   85.94% |    1.47 |
   11200  |      -0.00 |       1.52 |   85.27% |    1.45 |
   11300  |      -0.00 |       1.52 |   83.71% |    1.46 |
   11400  |      -0.00 |       1.52 |   83.59% |    1.59 |
   11500  |      -0.00 |       1.52 |   84.04% |    1.44 |
   11600  |      -0.00 |       1.53 |   85.38% |    1.46 |
   11700  |      -0.00 |       1.53 |   85.04% |    1.44 |
---------------------------------------------------------+
Epoch  75 | Test errors for:  0: 95.10,  1: 86.43,  2: 78.78,  3: 85.54,  4: 97.25,  5: 89.57,  6: 87.47,  7: 79.67,  8: 96.41,  9: 95.34
---------------------------------------------------------+
Minibatch |   p-loss   |    loss    | err rate | steps/s |
   11800  |      -0.00 |       1.53 |   84.93% |    1.47 |
   11900  |      -0.00 |       1.53 |   84.82% |    1.46 |
   12000  |      -0.00 |       1.53 |   84.71% |    1.73 |
   12100  |      -0.00 |       1.54 |   87.61% |    1.49 |
   12200  |      -0.00 |       1.54 |   86.50% |    1.43 |
   12300  |      -0.00 |       1.54 |   84.15% |    1.47 |
   12400  |      -0.00 |       1.54 |   85.49% |    1.43 |
   12500  |      -0.00 |       1.55 |   85.49% |    1.44 |
---------------------------------------------------------+
Epoch  80 | Test errors for:  0: 95.10,  1: 86.43,  2: 78.78,  3: 85.54,  4: 97.25,  5: 89.57,  6: 87.47,  7: 79.67,  8: 96.41,  9: 95.34
---------------------------------------------------------+
Minibatch |   p-loss   |    loss    | err rate | steps/s |
   12600  |      -0.00 |       1.55 |   85.60% |    1.44 |
   12700  |      -0.00 |       1.55 |   83.15% |    1.45 |
   12800  |      -0.00 |       1.55 |   85.27% |    1.45 |
   12900  |      -0.00 |       1.55 |   84.71% |    1.43 |
   13000  |      -0.00 |       1.56 |   83.37% |    1.46 |
   13100  |      -0.00 |       1.56 |   85.83% |    1.45 |
   13200  |      -0.00 |       1.56 |   85.83% |    1.45 |
   13300  |      -0.00 |       1.56 |   84.15% |    1.45 |
---------------------------------------------------------+
Epoch  85 | Test errors for:  0: 95.10,  1: 86.43,  2: 78.78,  3: 85.54,  4: 97.25,  5: 89.57,  6: 87.47,  7: 79.67,  8: 96.41,  9: 95.34
---------------------------------------------------------+
Minibatch |   p-loss   |    loss    | err rate | steps/s |
   13400  |      -0.00 |       1.56 |   85.38% |    1.50 |
   13500  |      -0.00 |       1.57 |   85.94% |    1.43 |
   13600  |      -0.00 |       1.57 |   85.16% |    1.46 |
   13700  |      -0.00 |       1.57 |   86.16% |    1.72 |
   13800  |      -0.00 |       1.57 |   84.15% |    1.59 |
   13900  |      -0.00 |       1.57 |   84.71% |    1.45 |
   14000  |      -0.00 |       1.58 |   84.49% |    1.45 |
   14100  |      -0.00 |       1.58 |   83.93% |    1.45 |
---------------------------------------------------------+
Epoch  90 | Test errors for:  0: 95.10,  1: 86.43,  2: 78.78,  3: 85.54,  4: 97.25,  5: 89.57,  6: 87.47,  7: 79.67,  8: 96.41,  9: 95.34
---------------------------------------------------------+
Minibatch |   p-loss   |    loss    | err rate | steps/s |
   14200  |      -0.00 |       1.58 |   84.26% |    1.45 |
   14300  |      -0.00 |       1.58 |   83.15% |    1.81 |
   14400  |      -0.00 |       1.58 |   84.60% |    1.45 |
   14500  |      -0.00 |       1.59 |   84.60% |    1.44 |
   14600  |      -0.00 |       1.59 |   84.49% |    1.43 |
   14700  |      -0.00 |       1.59 |   84.04% |    1.44 |
   14800  |      -0.00 |       1.59 |   85.94% |    1.48 |
   14900  |      -0.00 |       1.59 |   85.71% |    1.63 |
---------------------------------------------------------+
Epoch  95 | Test errors for:  0: 95.10,  1: 86.43,  2: 78.78,  3: 85.54,  4: 97.25,  5: 89.57,  6: 87.47,  7: 79.67,  8: 96.41,  9: 95.34
---------------------------------------------------------+
Minibatch |   p-loss   |    loss    | err rate | steps/s |
   15000  |      -0.00 |       1.60 |   87.28% |    1.48 |
   15100  |      -0.00 |       1.60 |   85.16% |    1.49 |
   15200  |      -0.00 |       1.60 |   86.05% |    1.46 |
   15300  |      -0.00 |       1.60 |   86.50% |    1.47 |
   15400  |      -0.00 |       1.60 |   85.60% |    1.48 |
   15500  |      -0.00 |       1.61 |   85.71% |    1.66 |
   15600  |      -0.00 |       1.61 |   86.16% |    1.45 |
   15700  |      -0.00 |       1.61 |   87.05% |    1.46 |
---------------------------------------------------------+
Epoch 100 | Test errors for:  0: 95.10,  1: 86.43,  2: 78.78,  3: 85.54,  4: 97.25,  5: 89.57,  6: 87.47,  7: 79.67,  8: 96.41,  9: 95.34
---------------------------------------------------------+
Minibatch |   p-loss   |    loss    | err rate | steps/s |
     100  |      -0.00 |       1.61 |   85.49% |    1.45 |
     200  |      -0.00 |       1.61 |   84.04% |    1.44 |
     300  |      -0.00 |       1.62 |   84.15% |    1.65 |
     400  |      -0.00 |       1.62 |   83.26% |    1.47 |
     500  |      -0.00 |       1.62 |   84.82% |    1.42 |
     600  |      -0.00 |       1.62 |   85.04% |    1.46 |
     700  |      -0.00 |       1.62 |   85.04% |    1.46 |
---------------------------------------------------------+
Epoch   5 | Test errors for:  0: 95.10,  1: 86.43,  2: 78.78,  3: 85.54,  4: 97.25,  5: 89.57,  6: 87.47,  7: 79.67,  8: 96.41,  9: 95.34
---------------------------------------------------------+
Minibatch |   p-loss   |    loss    | err rate | steps/s |
     800  |      -0.00 |       1.63 |   85.27% |    1.62 |
     900  |      -0.00 |       1.63 |   86.61% |    1.62 |
    1000  |      -0.00 |       1.63 |   84.38% |    1.47 |
    1100  |      -0.00 |       1.63 |   87.28% |    1.39 |
    1200  |      -0.00 |       1.63 |   84.15% |    1.45 |
    1300  |      -0.00 |       1.64 |   83.15% |    1.48 |
    1400  |      -0.00 |       1.64 |   85.27% |    1.47 |
    1500  |      -0.00 |       1.64 |   85.71% |    1.62 |
---------------------------------------------------------+
Epoch  10 | Test errors for:  0: 95.10,  1: 86.43,  2: 78.78,  3: 85.54,  4: 97.25,  5: 89.57,  6: 87.47,  7: 79.67,  8: 96.41,  9: 95.34
---------------------------------------------------------+
Minibatch |   p-loss   |    loss    | err rate | steps/s |
    1600  |      -0.00 |       1.64 |   84.60% |    1.50 |
    1700  |      -0.00 |       1.64 |   84.26% |    1.45 |
    1800  |      -0.00 |       1.65 |   83.37% |    1.45 |